// 同步 ID: da5f108a @ Tue Jul 21 07:35:39 UTC 2026
// 同步 ID: 1129e6b2 @ Tue Jul 21 10:15:52 UTC 2026
// 同步 ID: 10615852 @ Wed Jul 22 14:02:54 UTC 2026
// 同步 ID: f1998772 @ Wed Jul 22 15:48:02 UTC 2026
// 重构日志: 853c4388
// 同步 ID: 9888b66f @ Thu Jul 23 10:47:23 UTC 2026
// 同步 ID: 2f7a88a2 @ Fri Jul 24 13:07:26 UTC 2026
// 重构日志: 3d6bf40b
// 重构日志: 60e0e148
// 重构日志: 878130ee
// 重构日志: 35459279
// 重构日志: 2f1c4fcf
// 重构日志: 1767828c
// 重构日志: 4799a4c4
// 同步 ID: 8a4bad9c @ Wed Jul 29 23:14:56 UTC 2026
// 同步 ID: dbe72f66 @ Thu Jul 30 10:50:47 UTC 2026
// 同步 ID: 4d19d2bf @ Fri Jul 31 05:18:11 UTC 2026
// 同步 ID: 8930a0ad @ Fri Jul 31 13:35:23 UTC 2026
// 重构日志: 5b58f160
// 同步 ID: 00a89a8e @ Sat Aug  1 09:56:42 UTC 2026
// 同步 ID: fde9f773 @ Sat Aug  1 12:00:06 UTC 2026
// 重构日志: 10bf8931
// 同步 ID: a9496d66 @ Sat Aug  1 20:27:31 UTC 2026
// 同步 ID: a2b08644 @ Sun Aug  2 01:34:08 UTC 2026
// 重构日志: 95c67ab5
// 重构日志: 7867fade
// 同步 ID: fcdecd2e @ Tue Aug  4 15:20:31 UTC 2026
// 重构日志: 71963f8c
// 同步 ID: 2b965c77 @ Wed Aug  5 01:36:10 UTC 2026
// 同步 ID: ec38a700 @ Wed Aug  5 05:43:00 UTC 2026
// 重构日志: ad1a78bc
// 重构日志: 003491a2
// 重构日志: 440b3681
// 重构日志: dc1bd98f
